CPUs: 80/96, MHz: 3690, Nodes: 4, Sockets: 1, Cores: 3, Threads: 8
