libvirt-1-format:
  current: recod:1 busy:0 persist:1 inconist:0 gran:65536 dirty:0
        d: recod:0 busy:0 persist:0 inconist:0 gran:65536 dirty:0
        c: recod:0 busy:0 persist:1 inconist:0 gran:1234 dirty:0
        b: recod:0 busy:1 persist:1 inconist:0 gran:65536 dirty:21314
        a: recod:0 busy:0 persist:1 inconist:1 gran:65536 dirty:0
